// Jest Snapshot v1, https://goo.gl/fbAQLP

exports[`<HashTag /> Should render correctly 1`] = `
<div>
  <span
    className="up-hash"
  >
    #
    Songs
  </span>
</div>
`;
