// Jest Snapshot v1, https://goo.gl/fbAQLP

exports[`<Page /> Should render correctly 1`] = `
<div
  className="up-app"
>
  <div
    className="up"
  >
    <img
      alt="Loading"
      className="up-photo"
    />
    <br />
    <span
      className="up-username"
    />
    <span
      className="up-bolt"
    >
      
    </span>
    <br />
    <div
      className="up-count"
    >
      <i
        className="fas fa-users"
      />
      <span
        className="up-followcount up-txt"
      />
      <i
        className="fas fa-headphones-alt"
      />
      <span
        className="up-trackcount up-txt"
      />
    </div>
    <br />
    <button
      className="up-button-following"
      onClick={[Function]}
      tabIndex="0"
      title="Following"
      type="button"
    >
      following
    </button>
    <br />
    <div
      id="up-report-sign"
    >
      <i
        className="far fa-flag"
      />
      <button
        className="up-report-button up-txt"
        onClick={[Function]}
        type="button"
      >
        Report
      </button>
      <div
        className="up-modalWrapper up-display-none"
      >
        <div
          className="up-modal"
        >
          <section
            className="up-modal-report"
          >
            <h1>
               Report Track For 
            </h1>
            <br />
            <ul>
              <li>
                <a
                  href="www.google.com"
                >
                   Copyright infringement 
                </a>
              </li>
              <br />
              <li>
                <a
                  href="www.google.com"
                >
                   Privacy Violation 
                </a>
              </li>
              <br />
              <li>
                <a
                  href="www.google.com"
                >
                   Pornographic Content 
                </a>
              </li>
              <br />
              <li>
                <a
                  href="www.google.com"
                >
                   Abuse 
                </a>
              </li>
              <br />
              <li>
                <a
                  href="www.google.com"
                >
                   Hate Speech 
                </a>
              </li>
              <br />
              <li>
                <a
                  href="www.google.com"
                >
                   Illegal Content 
                </a>
              </li>
              <br />
              <li>
                <a
                  href="www.google.com"
                >
                   Other 
                </a>
              </li>
            </ul>
          </section>
          <button
            className="up-close"
            onClick={[Function]}
            type="button"
          >
             X 
          </button>
        </div>
      </div>
    </div>
  </div>
  <div
    className="up-td-div"
  >
    <p
      className="up-trackdescription"
    >
      
    </p>
    <button
      className="up-bt-show-more"
      type="button"
    >
       Show more 
    </button>
  </div>
</div>
`;
